== exit: 0
== stdout:
[1, 2, 3]
[0, 1, 2]
[3, 4, 5]
[0, 1, 2, 3, 4, 5]
[0, 2, 4]
[5, 4, 3, 2, 1, 0]
[4, 3, 2]
[3, 4, 5]
[]
hello
dlrow olleh
world
(2, 3)
(4, 3, 2, 1)
[1, 9, 4, 5]
[7, 8, 1, 9, 4, 5]
[1, 2, 3]
[10, 2, 30]
[2, 30]
[1, 2, 3, 4]
caught slice step cannot be zero
== exception:
== stderr:
