== exit: 0
== stdout:
setlocale C: C
currency_symbol = ''
decimal_point = '.'
frac_digits = 127
grouping = []
int_curr_symbol = ''
int_frac_digits = 127
mon_decimal_point = ''
mon_grouping = []
mon_thousands_sep = ''
n_cs_precedes = 127
n_sep_by_space = 127
n_sign_posn = 127
negative_sign = ''
p_cs_precedes = 127
p_sep_by_space = 127
p_sign_posn = 127
positive_sign = ''
thousands_sep = ''
CHAR_MAX: 127
Error raised for unknown locale
Error subclass Exception: True
== exception:
== stderr:
