== exit: 0
== stdout:
p2 int b'\x80\x02c__builtin__\nlong\nq\x00.'
p2 str b'\x80\x02c__builtin__\nunicode\nq\x00.'
p2 chr b'\x80\x02c__builtin__\nunichr\nq\x00.'
p2 range b'\x80\x02c__builtin__\nxrange\nq\x00.'
p2 map b'\x80\x02citertools\nimap\nq\x00.'
p2 filter b'\x80\x02citertools\nifilter\nq\x00.'
p2 zip b'\x80\x02citertools\nizip\nq\x00.'
p2 len b'\x80\x02c__builtin__\nlen\nq\x00.'
p2 abs b'\x80\x02c__builtin__\nabs\nq\x00.'
p2 sorted b'\x80\x02c__builtin__\nsorted\nq\x00.'
p2 repr b'\x80\x02c__builtin__\nrepr\nq\x00.'
p2 getattr b'\x80\x02c__builtin__\ngetattr\nq\x00.'
p2 object b'\x80\x02c__builtin__\nobject\nq\x00.'
p2 type b'\x80\x02c__builtin__\ntype\nq\x00.'
p2 ValueError b'\x80\x02cexceptions\nValueError\nq\x00.'
p2 TypeError b'\x80\x02cexceptions\nTypeError\nq\x00.'
p2 KeyError b'\x80\x02cexceptions\nKeyError\nq\x00.'
p2 IndexError b'\x80\x02cexceptions\nIndexError\nq\x00.'
p2 Exception b'\x80\x02cexceptions\nException\nq\x00.'
p2 OSError b'\x80\x02cexceptions\nOSError\nq\x00.'
p2 StopIteration b'\x80\x02cexceptions\nStopIteration\nq\x00.'
p2 RuntimeError b'\x80\x02cexceptions\nRuntimeError\nq\x00.'
p2 ZeroDivisionError b'\x80\x02cexceptions\nZeroDivisionError\nq\x00.'
p3 int b'\x80\x03cbuiltins\nint\nq\x00.'
p3 str b'\x80\x03cbuiltins\nstr\nq\x00.'
p3 chr b'\x80\x03cbuiltins\nchr\nq\x00.'
p3 range b'\x80\x03cbuiltins\nrange\nq\x00.'
p3 map b'\x80\x03cbuiltins\nmap\nq\x00.'
p3 filter b'\x80\x03cbuiltins\nfilter\nq\x00.'
p3 zip b'\x80\x03cbuiltins\nzip\nq\x00.'
p3 len b'\x80\x03cbuiltins\nlen\nq\x00.'
p3 abs b'\x80\x03cbuiltins\nabs\nq\x00.'
p3 sorted b'\x80\x03cbuiltins\nsorted\nq\x00.'
p3 ValueError b'\x80\x03cbuiltins\nValueError\nq\x00.'
p3 TypeError b'\x80\x03cbuiltins\nTypeError\nq\x00.'
p3 KeyError b'\x80\x03cbuiltins\nKeyError\nq\x00.'
rt2 int True
rt2 str True
rt2 chr True
rt2 range True
rt2 map True
rt2 filter True
rt2 zip True
rt2 len True
rt2 abs True
rt2 sorted True
rt2 repr True
rt2 getattr True
rt2 object True
rt2 type True
rt2 ValueError True
rt2 TypeError True
rt2 KeyError True
rt2 IndexError True
rt2 Exception True
rt2 OSError True
rt2 StopIteration True
rt2 RuntimeError True
rt2 ZeroDivisionError True
rt3 int True
rt3 str True
rt3 chr True
rt3 range True
rt3 map True
rt3 filter True
rt3 zip True
rt3 ValueError True
rt3 TypeError True
rt3 KeyError True
rt3 IndexError True
rt3 Exception True
rt3 OSError True
rt3 StopIteration True
rt3 RuntimeError True
rt3 ZeroDivisionError True
p2 tuple b'\x80\x02c__builtin__\nlong\nq\x00citertools\nimap\nq\x01h\x00\x87q\x02.'
tuple rt True True True True
p2 mixed b'\x80\x02]q\x00(c__builtin__\nunicode\nq\x01c__builtin__\nlen\nq\x02cexceptions\nValueError\nq\x03e.'
mixed rt True True True
xload long True
xload imap True
xload unicode True
xload exc True
== exception:
== stderr:
