== exit: 0
== stdout:
1 3
2 c
2 1
6 13 0.75
[1, 2]
2 2 0 0
2.67 3.142 2
200 200 1200 7
(2, 1) (-3, 2) (3.0, 1.5)
1024 0.5 1 5
0b1010 0o100 0xff -0b101 -0xff 0b1
97 233 a é 😀
caught min() iterable argument is empty
caught unsupported operand type(s) for +: 'int' and 'str'
caught chr() arg not in range(0xADDR)
caught ord() expected a character, but string of length 2 found
caught pow() 3rd argument cannot be 0
== exception:
== stderr:
