== exit: 0
== stdout:
rt int 2 True
rt float 2 True
rt str 2 True
rt bytes 2 True
rt bytearray 2 True
rt bool 2 True
rt complex 2 True
rt list 2 True
rt dict 2 True
rt set 2 True
rt frozenset 2 True
rt tuple 2 True
rt object 2 True
rt type 2 True
rt len 2 True
rt abs 2 True
rt sorted 2 True
rt reversed 2 True
rt map 2 True
rt filter 2 True
rt zip 2 True
rt enumerate 2 True
rt range 2 True
rt slice 2 True
rt memoryview 2 True
rt super 2 True
rt staticmethod 2 True
rt classmethod 2 True
rt property 2 True
rt min 2 True
rt max 2 True
rt sum 2 True
rt repr 2 True
rt getattr 2 True
rt iter 2 True
rt next 2 True
rt hex 2 True
rt ord 2 True
rt chr 2 True
rt print 2 True
rt hash 2 True
rt id 2 True
rt divmod 2 True
rt pow 2 True
rt int 3 True
rt float 3 True
rt str 3 True
rt bytes 3 True
rt bytearray 3 True
rt bool 3 True
rt complex 3 True
rt list 3 True
rt dict 3 True
rt set 3 True
rt frozenset 3 True
rt tuple 3 True
rt object 3 True
rt type 3 True
rt len 3 True
rt abs 3 True
rt sorted 3 True
rt reversed 3 True
rt map 3 True
rt filter 3 True
rt zip 3 True
rt enumerate 3 True
rt range 3 True
rt slice 3 True
rt memoryview 3 True
rt super 3 True
rt staticmethod 3 True
rt classmethod 3 True
rt property 3 True
rt min 3 True
rt max 3 True
rt sum 3 True
rt repr 3 True
rt getattr 3 True
rt iter 3 True
rt next 3 True
rt hex 3 True
rt ord 3 True
rt chr 3 True
rt print 3 True
rt hash 3 True
rt id 3 True
rt divmod 3 True
rt pow 3 True
rt int 4 True
rt float 4 True
rt str 4 True
rt bytes 4 True
rt bytearray 4 True
rt bool 4 True
rt complex 4 True
rt list 4 True
rt dict 4 True
rt set 4 True
rt frozenset 4 True
rt tuple 4 True
rt object 4 True
rt type 4 True
rt len 4 True
rt abs 4 True
rt sorted 4 True
rt reversed 4 True
rt map 4 True
rt filter 4 True
rt zip 4 True
rt enumerate 4 True
rt range 4 True
rt slice 4 True
rt memoryview 4 True
rt super 4 True
rt staticmethod 4 True
rt classmethod 4 True
rt property 4 True
rt min 4 True
rt max 4 True
rt sum 4 True
rt repr 4 True
rt getattr 4 True
rt iter 4 True
rt next 4 True
rt hex 4 True
rt ord 4 True
rt chr 4 True
rt print 4 True
rt hash 4 True
rt id 4 True
rt divmod 4 True
rt pow 4 True
rt int 5 True
rt float 5 True
rt str 5 True
rt bytes 5 True
rt bytearray 5 True
rt bool 5 True
rt complex 5 True
rt list 5 True
rt dict 5 True
rt set 5 True
rt frozenset 5 True
rt tuple 5 True
rt object 5 True
rt type 5 True
rt len 5 True
rt abs 5 True
rt sorted 5 True
rt reversed 5 True
rt map 5 True
rt filter 5 True
rt zip 5 True
rt enumerate 5 True
rt range 5 True
rt slice 5 True
rt memoryview 5 True
rt super 5 True
rt staticmethod 5 True
rt classmethod 5 True
rt property 5 True
rt min 5 True
rt max 5 True
rt sum 5 True
rt repr 5 True
rt getattr 5 True
rt iter 5 True
rt next 5 True
rt hex 5 True
rt ord 5 True
rt chr 5 True
rt print 5 True
rt hash 5 True
rt id 5 True
rt divmod 5 True
rt pow 5 True
bytes int 3 b'\x80\x03cbuiltins\nint\nq\x00.'
bytes len 3 b'\x80\x03cbuiltins\nlen\nq\x00.'
bytes object 3 b'\x80\x03cbuiltins\nobject\nq\x00.'
bytes dict 3 b'\x80\x03cbuiltins\ndict\nq\x00.'
bytes map 3 b'\x80\x03cbuiltins\nmap\nq\x00.'
bytes filter 3 b'\x80\x03cbuiltins\nfilter\nq\x00.'
bytes type 3 b'\x80\x03cbuiltins\ntype\nq\x00.'
bytes int 4 b'\x80\x04\x95\x14\x00\x00\x00\x00\x00\x00\x00\x8c\x08builtins\x94\x8c\x03int\x94\x93\x94.'
bytes len 4 b'\x80\x04\x95\x14\x00\x00\x00\x00\x00\x00\x00\x8c\x08builtins\x94\x8c\x03len\x94\x93\x94.'
bytes object 4 b'\x80\x04\x95\x17\x00\x00\x00\x00\x00\x00\x00\x8c\x08builtins\x94\x8c\x06object\x94\x93\x94.'
bytes dict 4 b'\x80\x04\x95\x15\x00\x00\x00\x00\x00\x00\x00\x8c\x08builtins\x94\x8c\x04dict\x94\x93\x94.'
bytes map 4 b'\x80\x04\x95\x14\x00\x00\x00\x00\x00\x00\x00\x8c\x08builtins\x94\x8c\x03map\x94\x93\x94.'
bytes filter 4 b'\x80\x04\x95\x17\x00\x00\x00\x00\x00\x00\x00\x8c\x08builtins\x94\x8c\x06filter\x94\x93\x94.'
bytes type 4 b'\x80\x04\x95\x15\x00\x00\x00\x00\x00\x00\x00\x8c\x08builtins\x94\x8c\x04type\x94\x93\x94.'
bytes int 5 b'\x80\x05\x95\x14\x00\x00\x00\x00\x00\x00\x00\x8c\x08builtins\x94\x8c\x03int\x94\x93\x94.'
bytes len 5 b'\x80\x05\x95\x14\x00\x00\x00\x00\x00\x00\x00\x8c\x08builtins\x94\x8c\x03len\x94\x93\x94.'
bytes object 5 b'\x80\x05\x95\x17\x00\x00\x00\x00\x00\x00\x00\x8c\x08builtins\x94\x8c\x06object\x94\x93\x94.'
bytes dict 5 b'\x80\x05\x95\x15\x00\x00\x00\x00\x00\x00\x00\x8c\x08builtins\x94\x8c\x04dict\x94\x93\x94.'
bytes map 5 b'\x80\x05\x95\x14\x00\x00\x00\x00\x00\x00\x00\x8c\x08builtins\x94\x8c\x03map\x94\x93\x94.'
bytes filter 5 b'\x80\x05\x95\x17\x00\x00\x00\x00\x00\x00\x00\x8c\x08builtins\x94\x8c\x06filter\x94\x93\x94.'
bytes type 5 b'\x80\x05\x95\x15\x00\x00\x00\x00\x00\x00\x00\x8c\x08builtins\x94\x8c\x04type\x94\x93\x94.'
mix bytes 4 b'\x80\x04\x95`\x00\x00\x00\x00\x00\x00\x00(\x8c\x08builtins\x94\x8c\x03int\x94\x93\x94\x8c\x08builtins\x94\x8c\x03len\x94\x93\x94h\x00\x8c\x03str\x94\x93\x94h\x03\x8c\x03abs\x94\x93\x94h\x00\x8c\x03map\x94\x93\x94h\x00\x8c\x06filter\x94\x93\x94h\x00\x8c\x04list\x94\x93\x94t\x94.'
mix bytes 5 b'\x80\x05\x95`\x00\x00\x00\x00\x00\x00\x00(\x8c\x08builtins\x94\x8c\x03int\x94\x93\x94\x8c\x08builtins\x94\x8c\x03len\x94\x93\x94h\x00\x8c\x03str\x94\x93\x94h\x03\x8c\x03abs\x94\x93\x94h\x00\x8c\x03map\x94\x93\x94h\x00\x8c\x06filter\x94\x93\x94h\x00\x8c\x04list\x94\x93\x94t\x94.'
pair bytes b'\x80\x04\x95"\x00\x00\x00\x00\x00\x00\x00\x8c\x08builtins\x94\x8c\x03len\x94\x93\x94h\x00\x8c\x03abs\x94\x93\x94h\x02\x87\x94.'
shared True
in-list True
== exception:
== stderr:
