== exit: 0
== stdout:
ascii enc ascii start 1 end 2 reason ordinal not in range(128)
  object b'a\xffb' span b'\xff'
  str 'ascii' codec can't decode byte 0xff in position 1: ordinal not in range(128)
  is UnicodeError True
latin1-ok no error
utf8-start enc utf-8 start 1 end 2 reason invalid start byte
  object b'a\xffb' span b'\xff'
  str 'utf-8' codec can't decode byte 0xff in position 1: invalid start byte
  is UnicodeError True
utf8-badcont enc utf-8 start 0 end 1 reason invalid continuation byte
  object b'\xe0\x80' span b'\xe0'
  str 'utf-8' codec can't decode byte 0xe0 in position 0: invalid continuation byte
  is UnicodeError True
utf8-trunc3 enc utf-8 start 1 end 3 reason unexpected end of data
  object b'a\xe0\xa4' span b'\xe0\xa4'
  str 'utf-8' codec can't decode bytes in position 1-2: unexpected end of data
  is UnicodeError True
utf8-2of4 enc utf-8 start 0 end 2 reason unexpected end of data
  object b'\xf0\x90' span b'\xf0\x90'
  str 'utf-8' codec can't decode bytes in position 0-1: unexpected end of data
  is UnicodeError True
ascii-strict enc ascii start 0 end 1 reason ordinal not in range(128)
  object b'\x80' span b'\x80'
  str 'ascii' codec can't decode byte 0x80 in position 0: ordinal not in range(128)
  is UnicodeError True
reraised ascii 0 1 ordinal not in range(128)
== exception:
== stderr:
