== exit: 0
== stdout:
('dumps', 2, 'sqrt') b'\x80\x02cmath\nsqrt\nq\x00.'
('dumps', 2, 'log') b'\x80\x02cmath\nlog\nq\x00.'
('dumps', 2, 'gcd') b'\x80\x02cmath\ngcd\nq\x00.'
('dumps', 2, 'comb') b'\x80\x02cmath\ncomb\nq\x00.'
('dumps', 2, 'prod') b'\x80\x02cmath\nprod\nq\x00.'
('dumps', 2, 'isclose') b'\x80\x02cmath\nisclose\nq\x00.'
('dumps', 3, 'sqrt') b'\x80\x03cmath\nsqrt\nq\x00.'
('dumps', 3, 'log') b'\x80\x03cmath\nlog\nq\x00.'
('dumps', 3, 'gcd') b'\x80\x03cmath\ngcd\nq\x00.'
('dumps', 3, 'comb') b'\x80\x03cmath\ncomb\nq\x00.'
('dumps', 3, 'prod') b'\x80\x03cmath\nprod\nq\x00.'
('dumps', 3, 'isclose') b'\x80\x03cmath\nisclose\nq\x00.'
('dumps', 4, 'sqrt') b'\x80\x04\x95\x11\x00\x00\x00\x00\x00\x00\x00\x8c\x04math\x94\x8c\x04sqrt\x94\x93\x94.'
('dumps', 4, 'log') b'\x80\x04\x95\x10\x00\x00\x00\x00\x00\x00\x00\x8c\x04math\x94\x8c\x03log\x94\x93\x94.'
('dumps', 4, 'gcd') b'\x80\x04\x95\x10\x00\x00\x00\x00\x00\x00\x00\x8c\x04math\x94\x8c\x03gcd\x94\x93\x94.'
('dumps', 4, 'comb') b'\x80\x04\x95\x11\x00\x00\x00\x00\x00\x00\x00\x8c\x04math\x94\x8c\x04comb\x94\x93\x94.'
('dumps', 4, 'prod') b'\x80\x04\x95\x11\x00\x00\x00\x00\x00\x00\x00\x8c\x04math\x94\x8c\x04prod\x94\x93\x94.'
('dumps', 4, 'isclose') b'\x80\x04\x95\x14\x00\x00\x00\x00\x00\x00\x00\x8c\x04math\x94\x8c\x07isclose\x94\x93\x94.'
('dumps', 5, 'sqrt') b'\x80\x05\x95\x11\x00\x00\x00\x00\x00\x00\x00\x8c\x04math\x94\x8c\x04sqrt\x94\x93\x94.'
('dumps', 5, 'log') b'\x80\x05\x95\x10\x00\x00\x00\x00\x00\x00\x00\x8c\x04math\x94\x8c\x03log\x94\x93\x94.'
('dumps', 5, 'gcd') b'\x80\x05\x95\x10\x00\x00\x00\x00\x00\x00\x00\x8c\x04math\x94\x8c\x03gcd\x94\x93\x94.'
('dumps', 5, 'comb') b'\x80\x05\x95\x11\x00\x00\x00\x00\x00\x00\x00\x8c\x04math\x94\x8c\x04comb\x94\x93\x94.'
('dumps', 5, 'prod') b'\x80\x05\x95\x11\x00\x00\x00\x00\x00\x00\x00\x8c\x04math\x94\x8c\x04prod\x94\x93\x94.'
('dumps', 5, 'isclose') b'\x80\x05\x95\x14\x00\x00\x00\x00\x00\x00\x00\x8c\x04math\x94\x8c\x07isclose\x94\x93\x94.'
('roundtrip is', 2) True
('roundtrip call', 2) 12.0
('roundtrip is', 4) True
('roundtrip call', 4) 12.0
('roundtrip is', 5) True
('roundtrip call', 5) 12.0
memo bytes b'\x80\x04\x95\x16\x00\x00\x00\x00\x00\x00\x00]\x94(\x8c\x04math\x94\x8c\x03sin\x94\x93\x94h\x03e.'
memo shares True
tuple roundtrip True
pi bytes b'\x80\x02G@\t!\xfbTD-\x18.'
pi roundtrip True
== exception:
== stderr:
