== exit: 0
== stdout:
encoded hex: a4a4a4e52061626320adbbb4e420886220fa7020b4fab8d5
decoded eq: True
codecs.encode eq: True
codecs.decode eq: True
info name: big5hkscs
info encode eq: True
info decode eq: True
pair hex: 8862
pair roundtrip: True
base alone hex: 8866
supp hex: fa70
base chunk empty: True
pair on mark chunk: True
incremental encode eq: True
incremental decode eq: True
stream bytes eq: True
stream read eq: True
decode bad trail: 'big5hkscs' codec can't decode byte 0x81 in position 0: illegal multibyte sequence
decode incomplete: 'big5hkscs' codec can't decode byte 0x81 in position 1: incomplete multibyte sequence
decode ignore eq: True
decode replace eq: True
encode strict: 'big5hkscs' codec can't encode character '\U0001f600' in position 1: illegal multibyte sequence
encode ignore eq: True
encode replace eq: True
== exception:
== stderr:
