== exit: 0
== stdout:
['a', 'b', 'c']
['a', 'b', 'c']
['abc']
['a', ' ', 'b', ' ', 'c']
['1', '-', '2', '-', '3']
['a', '.', 'b', ',', 'c']
['a', 'x', None, 'b', 'x', 'y', 'c']
['a', 'b,c']
['a', 'b', 'c,d']
['1', '2', '3']
['', 'a', 'b', 'c', '']
['', 'a', 'b', '', 'c', '']
[b'a', b'b', b'c']
[b'a', b',', b'b']
== exception:
== stderr:
