== exit: 0
== stdout:
iB True
Bi True
float-int-view True
float-int-arr True
signed-unsigned True
bytes-vs-typed True
typed-vs-bytes True
ba-vs-typed False
typed-vs-ba True
len-diff False
empty True
float-raw-bytes False
neq-values False
mv-vs-list False
mv-vs-str False
mv-vs-int False
ne-typed False
released-self True
released-other False
released-bytes False
released-ne-self False
bytes-eq-ba True
bytes-ne-array False
array-eq-ba True
array-ne-bytes False
== exception:
== stderr:
