== exit: 0
== stdout:
sys.version_info(major=3, minor=14, micro=6, releaselevel='final', serial=0)
3 14 6 final 0
3 14 6
(3, 14, 6)
5
True True False
(3, 14, 6, 'final', 0)
True
namespace(a=1, b='x')
1 x
namespace(a=99, b='x', c=[1, 2])
namespace(a=99, c=[1, 2])
{'a': 99, 'c': [1, 2]}
namespace()
True
SimpleNamespace
namespace(p=1, q=3)
attr 'types.SimpleNamespace' object has no attribute 'missing'
del 'types.SimpleNamespace' object has no attribute 'missing'
cpython
cpython-314
51250928
sys.version_info(major=3, minor=14, micro=6, releaselevel='final', serial=0)
3 final
str
True
True
== exception:
== stderr:
