== exit: 0
== stdout:
encoded hex: c7d1b1b9beee206162632031323320bec8b3e7c7cfbcbcbfe42c20bcbcb0e82120c5d7bdbac6ae2e
decoded eq: True
codecs.encode eq: True
codecs.decode eq: True
info name: euc_kr
info encode eq: True
info decode eq: True
incremental encode eq: True
incremental decode eq: True
buffered lead: ''
completed pair: True
stream bytes eq: True
stream read eq: True
decode bad trail: 'euc_kr' codec can't decode byte 0xa1 in position 0: illegal multibyte sequence
decode incomplete: 'euc_kr' codec can't decode byte 0xa1 in position 1: incomplete multibyte sequence
decode ignore eq: True
decode replace eq: True
encode strict: 'euc_kr' codec can't encode character '\U0001f600' in position 1: illegal multibyte sequence
encode ignore eq: True
encode replace eq: True
== exception:
== stderr:
