== exit: 0
== stdout:
istuple True
len 10
isdir True
isreg False
seq7_is_int True
seq7_matches_atime True
atime_is_float True
mtime_is_float True
ctime_is_float True
atime_ns_is_int True
mtime_ns_is_int True
ctime_ns_is_int True
blksize_is_int True
blocks_is_int True
rdev_is_int True
n_seq 10
n_unnamed 3
lstat_isdir True
lstat_same_mode True
access_ok True
access_read True
access_missing False
stat_result_name stat_result
stat_result_nseq 10
stat_result_nunnamed 3
== exception:
== stderr:
