== exit: 0
== stdout:
int.__lt__(a, b) => True
int.__lt__(a, a) => False
int.__le__(a, b) => True
int.__le__(a, a) => True
int.__gt__(a, b) => False
int.__gt__(a, a) => False
int.__ge__(a, b) => False
int.__ge__(a, a) => True
int.__eq__(a, b) => False
int.__eq__(a, a) => True
int.__ne__(a, b) => True
int.__ne__(a, a) => False
float.__lt__(a, b) => True
float.__lt__(a, a) => False
float.__le__(a, b) => True
float.__le__(a, a) => True
float.__gt__(a, b) => False
float.__gt__(a, a) => False
float.__ge__(a, b) => False
float.__ge__(a, a) => True
float.__eq__(a, b) => False
float.__eq__(a, a) => True
float.__ne__(a, b) => True
float.__ne__(a, a) => False
str.__lt__(a, b) => True
str.__lt__(a, a) => False
str.__le__(a, b) => True
str.__le__(a, a) => True
str.__gt__(a, b) => False
str.__gt__(a, a) => False
str.__ge__(a, b) => False
str.__ge__(a, a) => True
str.__eq__(a, b) => False
str.__eq__(a, a) => True
str.__ne__(a, b) => True
str.__ne__(a, a) => False
bytes.__lt__(a, b) => True
bytes.__lt__(a, a) => False
bytes.__le__(a, b) => True
bytes.__le__(a, a) => True
bytes.__gt__(a, b) => False
bytes.__gt__(a, a) => False
bytes.__ge__(a, b) => False
bytes.__ge__(a, a) => True
bytes.__eq__(a, b) => False
bytes.__eq__(a, a) => True
bytes.__ne__(a, b) => True
bytes.__ne__(a, a) => False
bytearray.__lt__(a, b) => True
bytearray.__lt__(a, a) => False
bytearray.__le__(a, b) => True
bytearray.__le__(a, a) => True
bytearray.__gt__(a, b) => False
bytearray.__gt__(a, a) => False
bytearray.__ge__(a, b) => False
bytearray.__ge__(a, a) => True
bytearray.__eq__(a, b) => False
bytearray.__eq__(a, a) => True
bytearray.__ne__(a, b) => True
bytearray.__ne__(a, a) => False
complex.__lt__(a, b) => NotImplemented
complex.__lt__(a, a) => NotImplemented
complex.__le__(a, b) => NotImplemented
complex.__le__(a, a) => NotImplemented
complex.__gt__(a, b) => NotImplemented
complex.__gt__(a, a) => NotImplemented
complex.__ge__(a, b) => NotImplemented
complex.__ge__(a, a) => NotImplemented
complex.__eq__(a, b) => False
complex.__eq__(a, a) => True
complex.__ne__(a, b) => True
complex.__ne__(a, a) => False
bool.__lt__(a, b) => True
bool.__lt__(a, a) => False
bool.__le__(a, b) => True
bool.__le__(a, a) => True
bool.__gt__(a, b) => False
bool.__gt__(a, a) => False
bool.__ge__(a, b) => False
bool.__ge__(a, a) => True
bool.__eq__(a, b) => False
bool.__eq__(a, a) => True
bool.__ne__(a, b) => True
bool.__ne__(a, a) => False
int.__lt__(1, 2.0) => NotImplemented
int.__eq__(1, 1.0) => NotImplemented
float.__eq__(1.5, Fraction(3, 2)) => NotImplemented
float.__eq__(0.5, Decimal('0.5')) => NotImplemented
int.__eq__(1, Fraction(1)) => NotImplemented
bytes.__eq__(b'a', bytearray(b'a')) => NotImplemented
bytearray.__eq__(bytearray(b'a'), b'a') => True
str.__eq__('a', 97) => NotImplemented
complex.__eq__(2+0j, Fraction(2)) => NotImplemented
int.__gt__(True, 0) => True
int.__lt__(MyInt(1), 2) => True
str.__lt__(MyStr('a'), 'b') => True
int.__lt__() => TypeError : descriptor '__lt__' of 'int' object needs an argument
int.__lt__(1) => TypeError : expected 1 argument, got 0
int.__lt__(1, 2, 3) => TypeError : expected 1 argument, got 2
int.__lt__('x', 1) => TypeError : descriptor '__lt__' requires a 'int' object but received a 'str'
float.__lt__(1, 2) => TypeError : descriptor '__lt__' requires a 'float' object but received a 'int'
== exception:
== stderr:
