== exit: 0
== stdout:
encoded hex: 93fa967b8cea2061626320b1b2b320834a835e834a8369203132332083658358836781428abf8e9a82d082e782aa82c8
decoded eq: True
codecs.encode eq: True
codecs.decode eq: True
info name: shift_jis
info encode eq: True
info decode eq: True
incremental encode eq: True
incremental decode eq: True
buffered lead: ''
completed pair: True
stream bytes eq: True
stream read eq: True
decode illegal: 'shift_jis' codec can't decode byte 0x80 in position 0: illegal multibyte sequence
decode bad trail: 'shift_jis' codec can't decode byte 0x81 in position 0: illegal multibyte sequence
decode incomplete: 'shift_jis' codec can't decode byte 0x81 in position 1: incomplete multibyte sequence
decode ignore eq: True
decode replace eq: True
encode strict: 'shift_jis' codec can't encode character '\u20ac' in position 1: illegal multibyte sequence
encode ignore eq: True
encode replace eq: True
== exception:
== stderr:
