== exit: 0
== stdout:
1 2 10 () 1 {}
1 2 3 (4,) 5 {'z': 9}
0 1 2 () 7 {}
1 2 10 () 1 {}
1 2 10 () 1 {}
1 2 10 () 1 {}
eval a
eval s
eval b
eval x
eval d
call (1, 2, 3, 4) {'x': 5, 'y': 6}
eval star
eval kw
call (7,) {'x': 1}
call (1, 2, 4) {'x': 3}
call ('a', 'b', 3, 0, 1, 'p', 9) {}
1 2 3 () 1 {}
3
12
3
99
3
[1, 2, 3]
[0, 1, 2]
{'a': 1}
106
(0, 1)
1 2 3
[3, 1, 2, 0]
a-b
(1, 2)
boom
== exception:
== stderr:
