== exit: 0
== stdout:
a1 0xADDR True
a1 0x5eb True
a1 0x378 True
a1 0x530 True
a1 0xADDR True
a1 0xADDR False
a1 0xADDR False
a1 0xADDR False
a1 A False
b1 0xad True
b1 0x34f True
b1 0xADDR True
b1 0xADDR True
b1 0x41 False
b2 'A' 'a'
b3 'A' 'a'
b2 'ß' 'ss'
b3 'ß' 'ss'
b2 'İ' 'i̇'
b3 'İ' 'i̇'
b2 'I' 'i'
b3 'I' 'i'
b2 'Σ' 'σ'
b3 'Σ' 'σ'
c11 0x20 True
c12 0x20 False
c11_c12 0x20 True
c11 0xa0 False
c12 0xa0 True
c11_c12 0xa0 True
c11 0xADDR False
c12 0xADDR False
c11_c12 0xADDR False
c11 0xADDR False
c12 0xADDR True
c11_c12 0xADDR True
c11 0x41 False
c12 0x41 False
c11_c12 0x41 False
c21 0x9 True
c22 0x9 False
c21 0x7f True
c22 0x7f False
c21 0x80 False
c22 0x80 True
c21 0xADDR False
c22 0xADDR True
c21 0x41 False
c22 0x41 False
c3 0xADDR True
c3 0xADDR True
c3 0x41 False
c4 0xADDR True
c4 0xADDR True
c4 0xADDR True
c4 0x41 False
c5 0xADDR True
c5 0xADDR True
c5 0xADDR True
c5 0x41 False
c6 0xADDR True
c6 0xADDR True
c6 0x41 False
c7 0xADDR True
c7 0xADDR True
c7 0x41 False
c8 0x340 True
c8 0xADDR True
c8 0xADDR True
c8 0x41 False
c9 0xADDR True
c9 0xADDR True
c9 0x41 False
d1 0x5be True
d2 0x5be False
d1 0x627 True
d2 0x627 False
d1 0x41 False
d2 0x41 True
== exception:
== stderr:
