== exit: 0
== stdout:
True
5
True True
True True
bytes
NoneType True
bool True
bool True
ellipsis True
int True
int True
int True
int True
int True
int True
int True
int True
int True
int True
float True
float True
float True
complex True
str True
str True
str True
bytes True
bytes True
tuple True
tuple True
tuple True
list True
list True
dict True
dict True
set True
frozenset True
True
bytes b'buf'
42
[1, 'two', 3.0]
dumps error: unmarshallable object
== exception:
== stderr:
