== exit: 0
== stdout:
meta 2 (2, 3) (12, 4) 4 24 i True
contig True False True
len 2
tolist [[50462976, 117835012, 185207048], [252579084, 319951120, 387323156]]
tobytes b'\x00\x01\x02\x03\x04\x05\x06\x07\x08\t\n\x0b\x0c\r\x0e\x0f\x10\x11\x12\x13\x14\x15\x16\x17'
hex 000102030405060708090a0b0c0d0e0f1011121314151617
elem[1,2] 387323156
elem[-1,-1] 387323156
oob-dim1 ERR IndexError index out of bounds on dimension 1
oob-dim2 ERR IndexError index out of bounds on dimension 2
too-many ERR TypeError cannot index 2-dimension view with 3-element tuple
short-tuple ERR NotImplementedError sub-views are not implemented
empty-tuple ERR NotImplementedError sub-views are not implemented
int-index ERR NotImplementedError multi-dimensional sub-views are not implemented
iter ERR NotImplementedError multi-dimensional sub-views are not implemented
contains ERR NotImplementedError multi-dimensional sub-views are not implemented
write-3d [[[0, 1, 2, 3], [4, 5, 6, 7], [8, 9, 10, 11]], [[12, 13, 14, 15], [16, 17, 18, 19], [20, 21, 22, 200]]]
write-oob ERR IndexError index out of bounds on dimension 1
write-int ERR NotImplementedError sub-views are not implemented
write-short ERR NotImplementedError sub-views are not implemented
slice-0:1 [[50462976, 117835012, 185207048]]
slice-0:2 ((2, 3), [[50462976, 117835012, 185207048], [252579084, 319951120, 387323156]])
strided-rows [[50462976, 117835012, 185207048], [454695192, 522067228, 589439264]]
strided-meta ((2, 3), (24, 4), False)
strided-tobytes b'\x00\x01\x02\x03\x04\x05\x06\x07\x08\t\n\x0b\x18\x19\x1a\x1b\x1c\x1d\x1e\x1f !"#'
recast-strided ERR TypeError memoryview: casts are restricted to C-contiguous views
recast-rowslice (24,)
fc (True, True) (True, True) (True, False) (True, True)
3d [[[0, 1, 2, 3], [4, 5, 6, 7], [8, 9, 10, 11]], [[12, 13, 14, 15], [16, 17, 18, 19], [20, 21, 22, 23]]]
3d-strides (12, 4, 1)
2d==1d False
2d==2d True
bad-shape-type ERR TypeError shape must be a list or a tuple
neg-elem ERR ValueError memoryview.cast(): elements of shape must be integers > 0
zero-elem ERR ValueError memoryview.cast(): elements of shape must be integers > 0
noninteger-elem ERR TypeError memoryview.cast(): elements of shape must be integers
wrong-product ERR TypeError memoryview: product(shape) * itemsize != buffer size
shape-tuple (2, 3)
shape-empty ERR TypeError memoryview: product(shape) * itemsize != buffer size
positional-shape (2, 3)
format-kw (2, 3)
no-args ERR TypeError cast() missing required argument 'format' (pos 1)
three-pos ERR TypeError cast() takes at most 2 arguments (3 given)
dup-format ERR TypeError argument for cast() given by name ('format') and position (1)
unknown-kw ERR TypeError cast() got an unexpected keyword argument 'foo'
shape-only-kw ERR TypeError cast() missing required argument 'format' (pos 1)
recast-2d-to-2d ERR TypeError memoryview: cast must be 1D -> ND or ND -> 1D
1d-tuple 50462976
1d-shape (1, (6,))
== exception:
== stderr:
