== exit: 0
== stdout:
('dumps', 2, 'sqrt') b'\x80\x02ccmath\nsqrt\nq\x00.'
('dumps', 2, 'exp') b'\x80\x02ccmath\nexp\nq\x00.'
('dumps', 2, 'log') b'\x80\x02ccmath\nlog\nq\x00.'
('dumps', 2, 'phase') b'\x80\x02ccmath\nphase\nq\x00.'
('dumps', 2, 'polar') b'\x80\x02ccmath\npolar\nq\x00.'
('dumps', 2, 'rect') b'\x80\x02ccmath\nrect\nq\x00.'
('dumps', 2, 'isclose') b'\x80\x02ccmath\nisclose\nq\x00.'
('dumps', 3, 'sqrt') b'\x80\x03ccmath\nsqrt\nq\x00.'
('dumps', 3, 'exp') b'\x80\x03ccmath\nexp\nq\x00.'
('dumps', 3, 'log') b'\x80\x03ccmath\nlog\nq\x00.'
('dumps', 3, 'phase') b'\x80\x03ccmath\nphase\nq\x00.'
('dumps', 3, 'polar') b'\x80\x03ccmath\npolar\nq\x00.'
('dumps', 3, 'rect') b'\x80\x03ccmath\nrect\nq\x00.'
('dumps', 3, 'isclose') b'\x80\x03ccmath\nisclose\nq\x00.'
('dumps', 4, 'sqrt') b'\x80\x04\x95\x12\x00\x00\x00\x00\x00\x00\x00\x8c\x05cmath\x94\x8c\x04sqrt\x94\x93\x94.'
('dumps', 4, 'exp') b'\x80\x04\x95\x11\x00\x00\x00\x00\x00\x00\x00\x8c\x05cmath\x94\x8c\x03exp\x94\x93\x94.'
('dumps', 4, 'log') b'\x80\x04\x95\x11\x00\x00\x00\x00\x00\x00\x00\x8c\x05cmath\x94\x8c\x03log\x94\x93\x94.'
('dumps', 4, 'phase') b'\x80\x04\x95\x13\x00\x00\x00\x00\x00\x00\x00\x8c\x05cmath\x94\x8c\x05phase\x94\x93\x94.'
('dumps', 4, 'polar') b'\x80\x04\x95\x13\x00\x00\x00\x00\x00\x00\x00\x8c\x05cmath\x94\x8c\x05polar\x94\x93\x94.'
('dumps', 4, 'rect') b'\x80\x04\x95\x12\x00\x00\x00\x00\x00\x00\x00\x8c\x05cmath\x94\x8c\x04rect\x94\x93\x94.'
('dumps', 4, 'isclose') b'\x80\x04\x95\x15\x00\x00\x00\x00\x00\x00\x00\x8c\x05cmath\x94\x8c\x07isclose\x94\x93\x94.'
('dumps', 5, 'sqrt') b'\x80\x05\x95\x12\x00\x00\x00\x00\x00\x00\x00\x8c\x05cmath\x94\x8c\x04sqrt\x94\x93\x94.'
('dumps', 5, 'exp') b'\x80\x05\x95\x11\x00\x00\x00\x00\x00\x00\x00\x8c\x05cmath\x94\x8c\x03exp\x94\x93\x94.'
('dumps', 5, 'log') b'\x80\x05\x95\x11\x00\x00\x00\x00\x00\x00\x00\x8c\x05cmath\x94\x8c\x03log\x94\x93\x94.'
('dumps', 5, 'phase') b'\x80\x05\x95\x13\x00\x00\x00\x00\x00\x00\x00\x8c\x05cmath\x94\x8c\x05phase\x94\x93\x94.'
('dumps', 5, 'polar') b'\x80\x05\x95\x13\x00\x00\x00\x00\x00\x00\x00\x8c\x05cmath\x94\x8c\x05polar\x94\x93\x94.'
('dumps', 5, 'rect') b'\x80\x05\x95\x12\x00\x00\x00\x00\x00\x00\x00\x8c\x05cmath\x94\x8c\x04rect\x94\x93\x94.'
('dumps', 5, 'isclose') b'\x80\x05\x95\x15\x00\x00\x00\x00\x00\x00\x00\x8c\x05cmath\x94\x8c\x07isclose\x94\x93\x94.'
('roundtrip is', 2) True
('roundtrip call', 2) 2j
('roundtrip is', 4) True
('roundtrip call', 4) 2j
('roundtrip is', 5) True
('roundtrip call', 5) 2j
memo bytes b'\x80\x04\x95\x17\x00\x00\x00\x00\x00\x00\x00]\x94(\x8c\x05cmath\x94\x8c\x03exp\x94\x93\x94h\x03e.'
memo shares True
tuple roundtrip True
pi bytes b'\x80\x02G@\t!\xfbTD-\x18.'
pi roundtrip True
tau roundtrip True
== exception:
== stderr:
