== exit: 0
== stdout:
encoded hex: d6d0cec4206162632031323320c4e3bac3a3accac0bde7a3a1b1e0c2ebb2e2cad4a1a3
decoded eq: True
codecs.encode eq: True
codecs.decode eq: True
info name: gb2312
info encode eq: True
info decode eq: True
incremental encode eq: True
incremental decode eq: True
buffered lead: ''
completed pair: True
stream bytes eq: True
stream read eq: True
decode strict: 'gb2312' codec can't decode byte 0xa1 in position 0: illegal multibyte sequence
decode ignore eq: True
decode replace eq: True
decode incomplete: 'gb2312' codec can't decode byte 0xa1 in position 1: incomplete multibyte sequence
encode strict: 'gb2312' codec can't encode character '\xff' in position 1: illegal multibyte sequence
encode ignore eq: True
encode replace eq: True
== exception:
== stderr:
