== exit: 0
== stdout:
inf // 2.0 => nan
-inf // 2.0 => nan
inf // -2.0 => nan
-inf // -2.0 => nan
2.0 // inf => 0.0
-2.0 // inf => -1.0
2.0 // -inf => -1.0
-2.0 // -inf => 0.0
inf // inf => nan
0.0 // inf => 0.0
0.0 // -3.0 => -0.0
-0.0 // 3.0 => -0.0
nan // 3.0 => nan
3.0 // nan => nan
7.0 // 3.0 => 2.0
-7.0 // 3.0 => -3.0
7.0 // -3.0 => -3.0
0.5 // 0.1 => 4.0
5 // 2.0 => 2.0
5.0 // 2 => 2.0
divmod(inf, 2.0) => (nan, nan)
divmod(-inf, 2.0) => (nan, nan)
divmod(2.0, inf) => (0.0, 2.0)
divmod(-2.0, inf) => (-1.0, inf)
divmod(2.0, -inf) => (-1.0, -inf)
divmod(7.5, 2.5) => (3.0, 0.0)
divmod(-7.5, 2.5) => (-3.0, 0.0)
divmod(nan, 2.0) => (nan, nan)
inf.__floordiv__(2.0) => nan
(2.0).__rfloordiv__(inf) => nan
== exception:
== stderr:
