== exit: 0
== stdout:
S_IFDIR 0o40000
S_IFREG 0o100000
S_IFLNK 0o120000
S_ISUID 0o4000
S_ISVTX 0o1000
S_IRWXU 0o700
S_IFDOOR 0
indices 0 1 6 9
S_IMODE 0o644
S_IFMT 0o100000
ISDIR True False
ISREG True False
ISLNK True
ISCHR True
ISFIFO True
ISSOCK True
ISDOOR False
file -rw-r--r--
dir drwxr-xr-x
link lrwxrwxrwx
setuid -rwsr-xr-x
setgid-nox -rw-r-Sr--
sticky drwxrwxrwt
unknown-type ?rw-r--r--
S_IMODE type error
stat ISDIR True
stat filemode -rwxr-xr-x
stat UF_APPEND 0o4
== exception:
== stderr:
