== exit: 0
== stdout:
== a classmethod read off an instance binds the type ==
(255).from_bytes.__self__: <class 'int'>
(255).from_bytes.__qualname__: int.from_bytes
(255).from_bytes.__name__: from_bytes
True.from_bytes.__self__: <class 'bool'>
True.from_bytes.__qualname__: bool.from_bytes
(1.5).fromhex.__self__: <class 'float'>
(1.5).fromhex.__qualname__: float.fromhex
(1.5).from_number.__self__: <class 'float'>
(1.5).__getformat__.__self__: <class 'float'>
(3+4j).from_number.__self__: <class 'complex'>
(3+4j).from_number.__qualname__: complex.from_number
b'x'.fromhex.__self__: <class 'bytes'>
b'x'.fromhex.__qualname__: bytes.fromhex
bytearray(b'x').fromhex.__self__: <class 'bytearray'>
bytearray(b'x').fromhex.__qualname__: bytearray.fromhex
== a staticmethod read off an instance reports None ==
'abc'.maketrans.__self__: None
'abc'.maketrans.__qualname__: str.maketrans
'abc'.maketrans.__name__: maketrans
b'x'.maketrans.__self__: None
b'x'.maketrans.__qualname__: bytes.maketrans
== the inherited callable still runs off an instance ==
(255).from_bytes(b'\x02', 'big'): 2
(255).from_bytes(b'\x02', byteorder='big'): 2
True.from_bytes(b'\x00', 'big'): False
True.from_bytes(b'\x01', 'big'): True
(1.5).fromhex('0x1.8p0'): 1.5
(3+4j).from_number(2): (2+0j)
b'x'.fromhex('41 42'): b'AB'
bytearray(b'x').fromhex('41'): bytearray(b'A')
'abc'.maketrans('a', 'b'): {97: 98}
b'x'.maketrans(b'a', b'b'): b'\x00\x01\x02\x03\x04\x05\x06\x07\x08\t\n\x0b\x0c\r\x0e\x0f\x10\x11\x12\x13\x14\x15\x16\x17\x18\x19\x1a\x1b\x1c\x1d\x1e\x1f !"#$%&\'()*+,-./0123456789:;<=>?@ABCDEFGHIJKLMNOPQRSTUVWXYZ[\\]^_`bbcdefghijklmnopqrstuvwxyz{|}~\x7f\x80\x81\x82\x83\x84\x85\x86\x87\x88\x89\x8a\x8b\x8c\x8d\x8e\x8f\x90\x91\x92\x93\x94\x95\x96\x97\x98\x99\x9a\x9b\x9c\x9d\x9e\x9f\xa0\xa1\xa2\xa3\xa4\xa5\xa6\xa7\xa8\xa9\xaa\xab\xac\xad\xae\xaf\xb0\xb1\xb2\xb3\xb4\xb5\xb6\xb7\xb8\xb9\xba\xbb\xbc\xbd\xbe\xbf\xc0\xc1\xc2\xc3\xc4\xc5\xc6\xc7\xc8\xc9\xca\xcb\xcc\xcd\xce\xcf\xd0\xd1\xd2\xd3\xd4\xd5\xd6\xd7\xd8\xd9\xda\xdb\xdc\xdd\xde\xdf\xe0\xe1\xe2\xe3\xe4\xe5\xe6\xe7\xe8\xe9\xea\xeb\xec\xed\xee\xef\xf0\xf1\xf2\xf3\xf4\xf5\xf6\xf7\xf8\xf9\xfa\xfb\xfc\xfd\xfe\xff'
== a read off an instance still calls as a plain value ==
g = (255).from_bytes; g(b'\x03', 'big'): 3
== exception:
== stderr:
