== exit: 0
== stdout:
== which builtins accept a weak reference ==
array => ref ok, deref matches True
memoryview => ref ok, deref matches True
frozenset => ref ok, deref matches True
list => TypeError: cannot create weak reference to 'list' object
dict => TypeError: cannot create weak reference to 'dict' object
tuple => TypeError: cannot create weak reference to 'tuple' object
bytearray => TypeError: cannot create weak reference to 'bytearray' object
bytes => TypeError: cannot create weak reference to 'bytes' object
== the reference dereferences to the live object ==
deref is a True
count 1
mv deref is mv True
mv count 1
== a proxy forwards to the array ==
proxy len 3
proxy elem 2
array after proxy append [1, 2, 3, 4]
== a callback registers without raising ==
ref-with-callback deref True
== a WeakValueDictionary can hold an array or memoryview value ==
value array [1, 2, 3, 4]
value memoryview b'abcd'
wvd len 2
== exception:
== stderr:
